// Vitest Snapshot v1, https://vitest.dev/guide/snapshot.html

exports[`nx-python e2e > shared virtual environment > should create nx-python project with 3 levels with shared virtual environment 1`] = `
"[tool.nx]
autoActivate = true

[tool.poetry]
name = "@proj/source"
version = "1.0.0"
description = ""
authors = [ ]
license = "Proprietary"
readme = "README.md"

  [tool.poetry.dependencies]
  python = ">=3.9,<3.11"

    [tool.poetry.dependencies.app1]
    path = "app1"
    develop = true

    [tool.poetry.dependencies.lib1]
    path = "lib1"
    develop = true

    [tool.poetry.dependencies.lib2]
    path = "lib2"
    develop = true

[tool.poetry.group.dev.dependencies]
autopep8 = "2.0.2"
flake8 = "6.0.0"
pytest = "7.3.1"
pytest-sugar = "0.9.7"
pytest-cov = "4.1.0"
pytest-html = "3.2.0"

[build-system]
requires = [ "poetry-core==1.1.0" ]
build-backend = "poetry.core.masonry.api"
"
`;

exports[`nx-python e2e > shared virtual environment > should create one nx-python project, migrate to shared venv and add 3 levels 1`] = `
"[tool.nx]
autoActivate = true

[tool.poetry]
name = "@proj/source"
version = "1.0.0"
description = ""
authors = [ ]
license = "Proprietary"
readme = "README.md"

  [tool.poetry.dependencies]
  python = ">=3.9,<3.11"

    [tool.poetry.dependencies.app1]
    path = "app1"
    develop = true

    [tool.poetry.dependencies.lib1]
    path = "lib1"
    develop = true

    [tool.poetry.dependencies.lib2]
    path = "lib2"
    develop = true

[tool.poetry.group.dev.dependencies]
autopep8 = "2.0.2"
flake8 = "6.0.0"
pytest = "7.3.1"
pytest-sugar = "0.9.7"
pytest-cov = "4.1.0"
pytest-html = "3.2.0"

[build-system]
requires = [ "poetry-core==1.1.0" ]
build-backend = "poetry.core.masonry.api"
"
`;

exports[`nx-python e2e shared virtual environment should create nx-python project with 3 levels with shared virtual environment 1`] = `
"[tool.nx]
autoActivate = true

[tool.poetry]
name = "@proj/source"
version = "1.0.0"
description = ""
authors = [ ]
license = "Proprietary"
readme = "README.md"

  [tool.poetry.dependencies]
  python = ">=3.9,<3.11"

    [tool.poetry.dependencies.app1]
    path = "app1"
    develop = true

    [tool.poetry.dependencies.lib1]
    path = "lib1"
    develop = true

    [tool.poetry.dependencies.lib2]
    path = "lib2"
    develop = true

[tool.poetry.group.dev.dependencies]
autopep8 = "2.0.2"
flake8 = "6.0.0"
pytest = "7.3.1"
pytest-sugar = "0.9.7"
pytest-cov = "4.1.0"
pytest-html = "3.2.0"

[build-system]
requires = [ "poetry-core==1.1.0" ]
build-backend = "poetry.core.masonry.api"
"
`;

exports[`nx-python e2e shared virtual environment should create one nx-python project, migrate to shared venv and add 3 levels 1`] = `
"[tool.nx]
autoActivate = true

[tool.poetry]
name = "@proj/source"
version = "1.0.0"
description = ""
authors = [ ]
license = "Proprietary"
readme = "README.md"

  [tool.poetry.dependencies]
  python = ">=3.9,<3.11"

    [tool.poetry.dependencies.app1]
    path = "app1"
    develop = true

    [tool.poetry.dependencies.lib1]
    path = "lib1"
    develop = true

    [tool.poetry.dependencies.lib2]
    path = "lib2"
    develop = true

[tool.poetry.group.dev.dependencies]
autopep8 = "2.0.2"
flake8 = "6.0.0"
pytest = "7.3.1"
pytest-sugar = "0.9.7"
pytest-cov = "4.1.0"
pytest-html = "3.2.0"

[build-system]
requires = [ "poetry-core==1.1.0" ]
build-backend = "poetry.core.masonry.api"
"
`;
